[0.017s] Invoking command in '/home/nagisa/candpy_ws/build/cpp_pkg': /usr/bin/cmake /home/nagisa/candpy_ws/src/cpp_pkg -DCMAKE_INSTALL_PREFIX=/home/nagisa/candpy_ws/install/cpp_pkg
[0.178s] -- The C compiler identification is GNU 11.4.0
[0.336s] -- The CXX compiler identification is GNU 11.4.0
[0.348s] -- Detecting C compiler ABI info
[0.436s] -- Detecting C compiler ABI info - done
[0.442s] -- Check for working C compiler: /usr/bin/cc - skipped
[0.443s] -- Detecting C compile features
[0.444s] -- Detecting C compile features - done
[0.448s] -- Detecting CXX compiler ABI info
[0.563s] -- Detecting CXX compiler ABI info - done
[0.568s] -- Check for working CXX compiler: /usr/bin/c++ - skipped
[0.569s] -- Detecting CXX compile features
[0.569s] -- Detecting CXX compile features - done
[0.576s] -- Found ament_cmake: 1.3.10 (/opt/ros/humble/share/ament_cmake/cmake)
[0.718s] -- Found Python3: /usr/bin/python3 (found version "3.10.12") found components: Interpreter 
[0.808s] -- Found rclcpp: 16.0.10 (/opt/ros/humble/share/rclcpp/cmake)
[0.847s] -- Found rosidl_generator_c: 3.1.5 (/opt/ros/humble/share/rosidl_generator_c/cmake)
[0.852s] -- Found rosidl_adapter: 3.1.5 (/opt/ros/humble/share/rosidl_adapter/cmake)
[0.859s] -- Found rosidl_generator_cpp: 3.1.5 (/opt/ros/humble/share/rosidl_generator_cpp/cmake)
[0.871s] -- Using all available rosidl_typesupport_c: rosidl_typesupport_fastrtps_c;rosidl_typesupport_introspection_c
[0.887s] -- Using all available rosidl_typesupport_cpp: rosidl_typesupport_fastrtps_cpp;rosidl_typesupport_introspection_cpp
[0.924s] -- Found rmw_implementation_cmake: 6.1.2 (/opt/ros/humble/share/rmw_implementation_cmake/cmake)
[0.927s] -- Found rmw_fastrtps_cpp: 6.2.7 (/opt/ros/humble/share/rmw_fastrtps_cpp/cmake)
[1.021s] -- Found OpenSSL: /usr/lib/x86_64-linux-gnu/libcrypto.so (found version "3.0.2")  
[1.045s] -- Found FastRTPS: /opt/ros/humble/include  
[1.094s] -- Using RMW implementation 'rmw_fastrtps_cpp' as default
[1.103s] -- Looking for pthread.h
[1.235s] -- Looking for pthread.h - found
[1.235s] -- Performing Test CMAKE_HAVE_LIBC_PTHREAD
[1.325s] -- Performing Test CMAKE_HAVE_LIBC_PTHREAD - Success
[1.327s] -- Found Threads: TRUE  
[1.377s] -- Found ament_lint_auto: 0.12.11 (/opt/ros/humble/share/ament_lint_auto/cmake)
[1.436s] Error parsing '/home/nagisa/candpy_ws/src/cpp_pkg/package.xml':
[1.505s] Traceback (most recent call last):
[1.505s]   File "/usr/lib/python3/dist-packages/catkin_pkg/package.py", line 610, in parse_package_string
[1.505s]     root = dom.parseString(data)
[1.505s]   File "/usr/lib/python3.10/xml/dom/minidom.py", line 2000, in parseString
[1.506s]     return expatbuilder.parseString(string)
[1.506s]   File "/usr/lib/python3.10/xml/dom/expatbuilder.py", line 925, in parseString
[1.506s]     return builder.parseString(string)
[1.506s]   File "/usr/lib/python3.10/xml/dom/expatbuilder.py", line 223, in parseString
[1.506s]     parser.Parse(string, True)
[1.506s] xml.parsers.expat.ExpatError: not well-formed (invalid token): line 23, column 8
[1.506s] 
[1.506s] During handling of the above exception, another exception occurred:
[1.506s] 
[1.507s] Traceback (most recent call last):
[1.507s]   File "/opt/ros/humble/share/ament_cmake_core/cmake/core/package_xml_2_cmake.py", line 150, in <module>
[1.507s]     main()
[1.507s]   File "/opt/ros/humble/share/ament_cmake_core/cmake/core/package_xml_2_cmake.py", line 53, in main
[1.507s]     raise e
[1.507s]   File "/opt/ros/humble/share/ament_cmake_core/cmake/core/package_xml_2_cmake.py", line 49, in main
[1.507s]     package = parse_package_string(
[1.507s]   File "/usr/lib/python3/dist-packages/catkin_pkg/package.py", line 612, in parse_package_string
[1.507s]     raise InvalidPackage('The manifest contains invalid XML:\n%s' % ex, filename)
[1.507s] catkin_pkg.package.InvalidPackage: Error(s) in package '/home/nagisa/candpy_ws/src/cpp_pkg/package.xml':
[1.507s] The manifest contains invalid XML:
[1.507s] not well-formed (invalid token): line 23, column 8
[1.522s] [31mCMake Error at /opt/ros/humble/share/ament_cmake_core/cmake/core/ament_package_xml.cmake:95 (message):
[1.522s]   execute_process(/usr/bin/python3
[1.522s]   /opt/ros/humble/share/ament_cmake_core/cmake/core/package_xml_2_cmake.py
[1.522s]   /home/nagisa/candpy_ws/src/cpp_pkg/package.xml
[1.522s]   /home/nagisa/candpy_ws/build/cpp_pkg/ament_cmake_core/package.cmake)
[1.522s]   returned error code 1
[1.522s] Call Stack (most recent call first):
[1.522s]   /opt/ros/humble/share/ament_cmake_core/cmake/core/ament_package_xml.cmake:49 (_ament_package_xml)
[1.523s]   /opt/ros/humble/share/ament_lint_auto/cmake/ament_lint_auto_find_test_dependencies.cmake:31 (ament_package_xml)
[1.523s]   CMakeLists.txt:28 (ament_lint_auto_find_test_dependencies)
[1.523s] 
[1.523s] [0m
[1.523s] -- Configuring incomplete, errors occurred!
[1.523s] See also "/home/nagisa/candpy_ws/build/cpp_pkg/CMakeFiles/CMakeOutput.log".
[1.532s] Invoked command in '/home/nagisa/candpy_ws/build/cpp_pkg' returned '1': /usr/bin/cmake /home/nagisa/candpy_ws/src/cpp_pkg -DCMAKE_INSTALL_PREFIX=/home/nagisa/candpy_ws/install/cpp_pkg
